// Jest Snapshot v1, https://goo.gl/fbAQLP

exports[`Test Notification StatusBar View Component Match The NotificationStatusBarView snapshot 1`] = `
<span
  className="mo-bell codicon codicon-bell-dot"
/>
`;
