// Jest Snapshot v1, https://goo.gl/fbAQLP

exports[`The Explorer Component Match Snapshot 1`] = `
<div
  className="mo-sidebar-explorer"
>
  <header
    className="mo-sidebar__header"
  >
    <div
      className="mo-sidebar__title"
    >
      <h2>
        Explorer
      </h2>
    </div>
    <div
      className="mo-sidebar__toolbar"
    >
      <div
        className="mo-tool-bar"
      >
        <div
          className="mo-action-bar"
        >
          <ul
            className="mo-action-bar__container"
          >
            <li
              className="mo-action-bar__item"
              data-index={0}
              data-testid="mockToolbar"
              onClick={[Function]}
            >
              <span
                onMouseEnter={[Function]}
                onMouseLeave={[Function]}
              >
                test
              </span>
            </li>
          </ul>
        </div>
      </div>
    </div>
  </header>
  <div
    className="mo-sidebar__content"
  >
    <div
      className="mo-collapse"
    >
      <div
        className="mo-split mo-split--horizontal"
      >
        <div
          className="mo-split__pane mo-collapse__pane"
          style={
            Object {
              "height": 26,
              "top": 0,
            }
          }
        >
          <div
            className="mo-collapse__item"
            data-collapse-id="open"
          >
            <div
              className="mo-collapse__header"
              onClick={[Function]}
              tabIndex={0}
            >
              <span
                className="codicon codicon-chevron-right"
              />
              <span
                className="mo-collapse__header__title"
              >
                Open
              </span>
              <div
                className="mo-collapse__extra"
              />
            </div>
            <div
              className="mo-collapse__content"
              data-collapse-index={0}
              tabIndex={0}
            />
          </div>
        </div>
        <div
          className="mo-split__sash mo-split__sash--disabled mo-split__sash--horizontal"
          onMouseDown={[Function]}
          onMouseEnter={[Function]}
          onMouseLeave={[Function]}
          role="Resizer"
          style={
            Object {
              "height": 4,
              "top": 24,
            }
          }
        />
        <div
          className="mo-split__pane mo-collapse__pane"
          style={
            Object {
              "height": 26,
              "top": 26,
            }
          }
        >
          <div
            className="mo-collapse__item"
            data-collapse-id="test"
          >
            <div
              className="mo-collapse__header"
              onClick={[Function]}
              tabIndex={0}
            >
              <span
                className="codicon codicon-chevron-right"
              />
              <span
                className="mo-collapse__header__title"
              >
                test
              </span>
              <div
                className="mo-collapse__extra"
              />
            </div>
            <div
              className="mo-collapse__content"
              data-collapse-index={1}
              tabIndex={0}
            />
          </div>
        </div>
      </div>
    </div>
  </div>
</div>
`;
