// Jest Snapshot v1, https://goo.gl/fbAQLP

exports[`Test the SettingsService Convert invalid object to JSON string 1`] = `
"SettingsService.toJSONString error: TypeError: Converting circular structure to JSON
    --> starting at object with constructor 'Object'
    |     property 'b' -> object with constructor 'Object'
    --- property 'a' closes the circle"
`;

exports[`Test the SettingsService Normalize a invalid FlatObject 1`] = `"SettingsService.normalizeFlatJSONObject error: SyntaxError: Unexpected token ' in JSON at position 14"`;
