// Jest Snapshot v1, https://goo.gl/fbAQLP

exports[`Test Output Component Match the Output snapshot 1`] = `
<div
  className="mo-output"
>
  <div
    className="mo-monaco-editor"
    style={
      Object {
        "height": "100%",
        "minHeight": "400px",
        "position": "relative",
        "width": "100%",
      }
    }
  />
</div>
`;
