// Jest Snapshot v1, https://goo.gl/fbAQLP

exports[`Test Panel Component Match the Panel snapshot 1`] = `
<div
  className="mo-panel"
>
  <div
    className="mo-panel__header"
  >
    <div
      className="mo-tabs mo-tabs--line"
    >
      <div
        className="mo-tabs__header"
      >
        <div
          className="mo-tab__item"
          onClick={[Function]}
          onContextMenu={[Function]}
        >
          Problems
        </div>
        <div
          className="mo-tab__item mo-tab__item--active"
          onClick={[Function]}
          onContextMenu={[Function]}
        >
          output
        </div>
      </div>
    </div>
    <div
      className="mo-action-bar mo-panel__toolbar"
    >
      <ul
        className="mo-action-bar__container"
      >
        <li
          className="mo-action-bar__item"
          data-index={0}
          onClick={[Function]}
        >
          <span
            className="codicon codicon-chevron-up"
            onMouseEnter={[Function]}
            onMouseLeave={[Function]}
          />
        </li>
        <li
          className="mo-action-bar__item"
          data-index={1}
          onClick={[Function]}
        >
          <span
            className="codicon codicon-close"
            onMouseEnter={[Function]}
            onMouseLeave={[Function]}
          />
        </li>
      </ul>
    </div>
  </div>
  <div
    className="mo-panel__container"
    tabIndex={0}
  >
    <div
      className="mo-output"
    >
      <div
        className="mo-monaco-editor"
        style={
          Object {
            "height": "100%",
            "minHeight": "400px",
            "position": "relative",
            "width": "100%",
          }
        }
      />
    </div>
  </div>
</div>
`;

exports[`Test Panel Component Match the PanelView snapshot 1`] = `
<div
  className="mo-panel"
>
  <div
    className="mo-panel__header"
  >
    <div
      className="mo-tabs mo-tabs--line"
    >
      <div
        className="mo-tabs__header"
      />
    </div>
    <div
      className="mo-action-bar mo-panel__toolbar"
    >
      <ul
        className="mo-action-bar__container"
      />
    </div>
  </div>
  <div
    className="mo-panel__container"
    tabIndex={0}
  />
</div>
`;
