// Jest Snapshot v1, https://goo.gl/fbAQLP

exports[`Test ActionButton Component Match ActionButton Snapshot 1`] = `
<button
  className="mo-btn mo-btn--normal"
  onClick={[Function]}
/>
`;
