// Jest Snapshot v1, https://goo.gl/fbAQLP

exports[`Test Icon Component Match the Icon snapshot 1`] = `
<span
  className="codicon codicon-github"
/>
`;
