// Jest Snapshot v1, https://goo.gl/fbAQLP

exports[`Test MoleculeProvider Match The MoleculeProvider snapshot 1`] = `
<DocumentFragment>
  <div
    class="mo"
    id="molecule"
    tabindex="0"
  >
    <div
      class="mo-workbench"
    >
      <div
        class="mo-mainBench"
      >
        <div
          class="mo-compositeBar"
        >
          <div
            class="mo-menuBar"
          >
            <div
              class="mo-drop-down mo-drop-down--right mo-menuBar__action"
            >
              <span
                class="codicon codicon-menu"
              />
            </div>
          </div>
          <div
            class="mo-activityBar"
            id="activityBar"
          >
            <div
              class="mo-activityBar__container"
            >
              <ul>
                <li
                  class="mo-activityBar__item mo-activityBar__item--checked"
                  id="sidebar.explore.title"
                >
                  <span
                    class="mo-activityBar__label codicon codicon-files"
                    title="Explorer"
                  />
                  <div
                    class="mo-activityBar__indicator"
                  />
                </li>
                <li
                  class="mo-activityBar__item"
                  id="sidebar.search.title"
                >
                  <span
                    class="mo-activityBar__label codicon codicon-search"
                    title="Search"
                  />
                </li>
              </ul>
              <ul
                class="mo-activityBar__global"
              >
                <li
                  class="mo-activityBar__item"
                  id="global.menu.account"
                >
                  <span
                    class="mo-activityBar__label codicon codicon-account"
                    title="Account"
                  />
                </li>
                <li
                  class="mo-activityBar__item"
                  id="global.menu.settings"
                >
                  <div
                    class="mo-drop-down mo-drop-down--rightBottom"
                  >
                    <span
                      class="mo-activityBar__label codicon codicon-settings-gear"
                      title="Settings"
                    />
                  </div>
                </li>
              </ul>
            </div>
          </div>
        </div>
        <div
          class="mo-split"
        >
          <div
            class="mo-split__sash"
          >
            <div
              class="mo-split__sash__item mo-split__sash__item--disabled mo-split__sash__item--vertical"
              role="Resizer"
              style="width: 4px; left: -2px;"
            />
            <div
              class="mo-split__sash__item mo-split__sash__item--vertical"
              role="Resizer"
              style="width: 4px; left: 298px;"
            />
          </div>
          <div
            class="mo-split__pane"
          >
            <div
              class="mo-split__pane__item mo-split__pane__item--visible"
              style="left: 0px; width: 300px;"
            >
              <div
                class="mo-sidebar"
              >
                <div
                  class="mo-sidebar__pane"
                  data-id="sidebar.explore.title"
                  style="visibility: visible; z-index: 1;"
                >
                  <div
                    class="mo-sidebar-explorer"
                  >
                    <header
                      class="mo-sidebar__header"
                    >
                      <div
                        class="mo-sidebar__title"
                      >
                        <h2>
                          Explorer
                        </h2>
                      </div>
                      <div
                        class="mo-sidebar__toolbar"
                      >
                        <div
                          class="mo-tool-bar"
                        >
                          <div
                            class="mo-action-bar"
                          >
                            <ul
                              class="mo-action-bar__container"
                            >
                              <li
                                class="mo-action-bar__item"
                                data-index="0"
                              >
                                <span
                                  class="codicon codicon-ellipsis"
                                />
                              </li>
                            </ul>
                          </div>
                        </div>
                      </div>
                    </header>
                    <div
                      class="mo-sidebar__content"
                    >
                      <div
                        class="mo-collapse"
                      >
                        <div
                          class="mo-split"
                        >
                          <div
                            class="mo-split__sash"
                          >
                            <div
                              class="mo-split__sash__item mo-split__sash__item--disabled mo-split__sash__item--horizontal"
                              role="Resizer"
                              style="height: 4px; top: -2px;"
                            />
                            <div
                              class="mo-split__sash__item mo-split__sash__item--disabled mo-split__sash__item--horizontal"
                              role="Resizer"
                              style="height: 4px; top: 24px;"
                            />
                            <div
                              class="mo-split__sash__item mo-split__sash__item--disabled mo-split__sash__item--horizontal"
                              role="Resizer"
                              style="height: 4px; top: 50px;"
                            />
                          </div>
                          <div
                            class="mo-split__pane"
                          >
                            <div
                              class="mo-split__pane__item mo-split__pane__item--visible mo-collapse__pane"
                              style="top: 0px; height: 26px;"
                            >
                              <div
                                class="mo-collapse__item"
                                data-collapse-id="sidebar.explore.openEditor"
                              >
                                <div
                                  class="mo-collapse__header"
                                  tabindex="0"
                                >
                                  <span
                                    class="codicon codicon-chevron-right"
                                  />
                                  <span
                                    class="mo-collapse__header__title"
                                  >
                                    Open Editors
                                  </span>
                                  <div
                                    class="mo-collapse__extra"
                                  />
                                </div>
                                <div
                                  class="mo-collapse__content"
                                  data-collapse-index="0"
                                  tabindex="0"
                                />
                              </div>
                            </div>
                            <div
                              class="mo-split__pane__item mo-split__pane__item--visible mo-collapse__pane"
                              style="top: 26px; height: 26px;"
                            >
                              <div
                                class="mo-collapse__item"
                                data-collapse-id="sidebar.explore.folders"
                              >
                                <div
                                  class="mo-collapse__header"
                                  tabindex="0"
                                >
                                  <span
                                    class="codicon codicon-chevron-right"
                                  />
                                  <span
                                    class="mo-collapse__header__title"
                                  >
                                    No Open Folder
                                  </span>
                                  <div
                                    class="mo-collapse__extra"
                                  />
                                </div>
                                <div
                                  class="mo-collapse__content"
                                  data-collapse-index="1"
                                  tabindex="0"
                                >
                                  <div
                                    data-content="sidebar.explore.folders"
                                  >
                                    <div
                                      style="padding: 10px 5px;"
                                    >
                                      you have not yet opened a folder
                                      <a
                                        class="mo-btn mo-btn--normal"
                                      >
                                        Add Folder
                                      </a>
                                    </div>
                                  </div>
                                </div>
                              </div>
                            </div>
                            <div
                              class="mo-split__pane__item mo-split__pane__item--visible mo-collapse__pane"
                              style="top: 52px; height: 26px;"
                            >
                              <div
                                class="mo-collapse__item"
                                data-collapse-id="outline"
                              >
                                <div
                                  class="mo-collapse__header"
                                  tabindex="0"
                                >
                                  <span
                                    class="codicon codicon-chevron-right"
                                  />
                                  <span
                                    class="mo-collapse__header__title"
                                  >
                                    Outline
                                  </span>
                                  <div
                                    class="mo-collapse__extra"
                                  />
                                </div>
                                <div
                                  class="mo-collapse__content"
                                  data-collapse-index="2"
                                  tabindex="0"
                                />
                              </div>
                            </div>
                          </div>
                        </div>
                      </div>
                    </div>
                  </div>
                </div>
                <div
                  class="mo-sidebar__pane"
                  data-id="sidebar.search.title"
                  style="visibility: hidden; z-index: -1;"
                >
                  <div
                    class="sidebar-search-pane"
                  >
                    <header
                      class="mo-sidebar__header"
                    >
                      <div
                        class="mo-sidebar__title"
                      >
                        <h2>
                          Search
                        </h2>
                      </div>
                      <div
                        className="mo-collapse__content"
                        data-content="sidebar.explore.openEditor"
                        tabIndex={0}
                      />
                    </div>
                    <div
                      className="mo-collapse__item"
                      data-content="sidebar.explore.folders"
                    >
                      <div
                        className="mo-collapse__header"
                        onClick={[Function]}
                        tabIndex={0}
                      >
                        <span
                          className="codicon codicon-chevron-right"
                        />
                        <span
                          className="mo-collapse__header__title"
                        >
                          Default Project Name
                        </span>
                        <div
                          className="mo-collapse__extra"
                        />
                      </div>
                      <div
                        className="mo-collapse__content"
                        data-content="sidebar.explore.folders"
                        tabIndex={0}
                      >
                        <div
                          class="mo-tool-bar"
                        >
                          <div
                            class="mo-action-bar"
                          >
                            <ul
                              class="mo-action-bar__container"
                            >
                              <li
                                class="mo-action-bar__item mo-action-bar__item--disabled"
                                data-index="0"
                              >
                                <span
                                  class="codicon codicon-refresh"
                                />
                              </li>
                              <li
                                class="mo-action-bar__item mo-action-bar__item--disabled"
                                data-index="1"
                              >
                                <span
                                  class="codicon codicon-clear-all"
                                />
                              </li>
                              <li
                                class="mo-action-bar__item mo-action-bar__item--disabled"
                                data-index="2"
                              >
                                <span
                                  class="codicon codicon-collapse-all"
                                />
                              </li>
                            </ul>
                          </div>
                        </div>
                      </div>
                    </header>
                    <div
                      class="mo-sidebar__content"
                    >
                      <div
                        class="mo-search"
                      >
                        <span
                          class="mo-search__replace__button codicon codicon-chevron-right"
                        />
                        <div
                          class="mo-search__group"
                        >
                          <div
                            class="mo-search__input mo-search__target"
                          >
                            <textarea
                              autocapitalize="off"
                              autocorrect="off"
                              class=""
                              placeholder="Search"
                              spellcheck="false"
                              title="Search"
                            />
                            <div
                              class="mo-action-bar mo-search__toolbar"
                            >
                              <ul
                                class="mo-action-bar__container"
                              >
                                <li
                                  class="mo-action-bar__item"
                                  data-index="0"
                                >
                                  <span
                                    class="codicon codicon-case-sensitive"
                                  />
                                </li>
                                <li
                                  class="mo-action-bar__item"
                                  data-index="1"
                                >
                                  <span
                                    class="codicon codicon-whole-word"
                                  />
                                </li>
                                <li
                                  class="mo-action-bar__item"
                                  data-index="2"
                                >
                                  <span
                                    class="codicon codicon-regex"
                                  />
                                </li>
                              </ul>
                            </div>
                          </div>
                        </div>
                      </div>
                      <div
                        class="mo-tree mo-search__tree"
                        draggable="false"
                        role="tree"
                      />
                    </div>
                  </div>
                </div>
              </div>
            </div>
            <div
              class="mo-split__pane__item mo-split__pane__item--visible"
              style="left: 300px; width: 200px;"
            >
              <div
                class="mo-split"
              >
                <div
                  class="mo-split__sash"
                >
                  <div
                    class="mo-split__sash__item mo-split__sash__item--disabled mo-split__sash__item--horizontal"
                    role="Resizer"
                    style="height: 4px; top: -2px;"
                  />
                  <div
                    class="mo-split__sash__item mo-split__sash__item--horizontal"
                    role="Resizer"
                    style="height: 4px; top: -2px;"
                  />
                </div>
                <div
                  class="mo-split__pane"
                >
                  <div
                    class="mo-split__pane__item"
                    style="top: 0px; height: 0px;"
                  >
                    <div
                      class="mo-editor"
                    >
                      <div
                        class="mo-welcome"
                      >
                        <span
                          style="font-size: 0px;"
                        >
                          <svg
                            class="logo"
                            height="1em"
                            viewBox="0 0 120 120"
                            width="1em"
                          >
                            <g
                              fill="none"
                              fill-rule="evenodd"
                              opacity="0.48"
                              stroke="none"
                              stroke-width="1"
                            >
                              <g
                                fill="#A2A2A2"
                                transform="translate(-660 -152)"
                              >
                                <g
                                  transform="translate(660 152)"
                                >
                                  <path
                                    d="M59.3 96.335c4.87 0 8.817 3.954 8.817 8.832S64.169 114 59.3 114c-4.87 0-8.818-3.955-8.818-8.833s3.948-8.832 8.818-8.832zm-22.444-6.826a3.21 3.21 0 013.206 3.212 3.21 3.21 0 01-3.206 3.212 3.21 3.21 0 01-3.206-3.212 3.21 3.21 0 013.206-3.212zm44.887 0a3.21 3.21 0 013.206 3.212 3.21 3.21 0 01-3.206 3.212 3.21 3.21 0 01-3.206-3.212 3.21 3.21 0 013.206-3.212zM59.3 72.245c4.87 0 8.817 3.955 8.817 8.833s-3.948 8.833-8.817 8.833c-4.87 0-8.818-3.955-8.818-8.833s3.948-8.833 8.818-8.833zm-42.483 0c4.87 0 8.817 3.955 8.817 8.833s-3.947 8.833-8.817 8.833S8 85.956 8 81.078s3.948-8.833 8.817-8.833zm85.366 0c4.87 0 8.817 3.955 8.817 8.833s-3.948 8.833-8.817 8.833c-4.87 0-8.817-3.955-8.817-8.833s3.947-8.833 8.817-8.833zm-65.327-6.022a3.21 3.21 0 013.206 3.212 3.21 3.21 0 01-3.206 3.212 3.21 3.21 0 01-3.206-3.212 3.21 3.21 0 013.206-3.212zm44.887 0a3.21 3.21 0 013.206 3.212 3.21 3.21 0 01-3.206 3.212 3.21 3.21 0 01-3.206-3.212 3.21 3.21 0 013.206-3.212zM59.3 48.156c4.87 0 8.817 3.955 8.817 8.833s-3.948 8.833-8.817 8.833c-4.87 0-8.818-3.955-8.818-8.833s3.948-8.833 8.818-8.833zm-42.483 0c4.87 0 8.817 3.955 8.817 8.833s-3.947 8.833-8.817 8.833S8 61.867 8 56.989s3.948-8.833 8.817-8.833zm85.366 0c4.87 0 8.817 3.955 8.817 8.833s-3.948 8.833-8.817 8.833c-4.87 0-8.817-3.955-8.817-8.833s3.947-8.833 8.817-8.833zM80.942 35.31c4.87 0 8.817 3.954 8.817 8.832s-3.948 8.833-8.817 8.833c-4.87 0-8.817-3.955-8.817-8.833s3.947-8.832 8.817-8.832zm-43.284 0c4.87 0 8.817 3.954 8.817 8.832s-3.948 8.833-8.817 8.833c-4.87 0-8.818-3.955-8.818-8.833s3.948-8.832 8.818-8.832zm64.525-11.242c4.87 0 8.817 3.954 8.817 8.833 0 4.878-3.948 8.832-8.817 8.832-4.87 0-8.817-3.954-8.817-8.832 0-4.879 3.947-8.833 8.817-8.833zm-85.366 0c4.87 0 8.817 3.954 8.817 8.833 0 4.878-3.947 8.832-8.817 8.832S8 37.778 8 32.9c0-4.879 3.948-8.833 8.817-8.833zm42.483 5.62a3.21 3.21 0 013.206 3.213 3.21 3.21 0 01-3.206 3.212 3.21 3.21 0 01-3.207-3.212 3.21 3.21 0 013.207-3.212zm-19.238-13.65a3.21 3.21 0 013.206 3.212 3.21 3.21 0 01-3.206 3.212 3.21 3.21 0 01-3.206-3.212 3.21 3.21 0 013.206-3.212zm38.475 0a3.21 3.21 0 013.206 3.212 3.21 3.21 0 01-3.206 3.212 3.21 3.21 0 01-3.206-3.212 3.21 3.21 0 013.206-3.212zM59.3 6a3.21 3.21 0 013.206 3.212 3.21 3.21 0 01-3.206 3.212 3.21 3.21 0 01-3.207-3.212A3.21 3.21 0 0159.3 6z"
                                  />
                                </g>
                              </g>
                            </g>
                          </svg>
                        </span>
                        <h1
                          class="title"
                        >
                          Molecule
                        </h1>
                        <div
                          class="keybindings"
                        >
                          <ul>
                            <li
                              class="keys"
                            >
                              <span>
                                Command Palette
                              </span>
                              <span />
                            </li>
                          </ul>
                        </div>
                      </div>
                    </div>
                  </div>
                  <div
                    class="mo-split__pane__item"
                    style="top: 0px; height: 0px;"
                  >
                    <div
                      class="mo-panel"
                    >
                      <div
                        class="mo-panel__header"
                      >
                        <div
                          class="mo-tabs mo-tabs--line"
                        >
                          <div
                            class="mo-tabs__header"
                          >
                            <div
                              class="mo-tab__item mo-tab__item--active"
                              draggable="true"
                            >
                              Problems
                            </div>
                            <div
                              class="mo-tab__item"
                              draggable="true"
                            >
                              output
                            </div>
                          </div>
                        </div>
                        <div
                          class="mo-action-bar mo-panel__toolbar"
                        >
                          <ul
                            class="mo-action-bar__container"
                          >
                            <li
                              class="mo-action-bar__item"
                              data-index="0"
                            >
                              <span
                                class="codicon codicon-chevron-up"
                              />
                            </li>
                            <li
                              class="mo-action-bar__item"
                              data-index="1"
                            >
                              <span
                                class="codicon codicon-close"
                              />
                            </li>
                          </ul>
                        </div>
                      </div>
                      <div
                        class="mo-panel__container"
                        tabindex="0"
                      >
                        <div
                          style="margin: 0px 18px; user-select: none;"
                        >
                          No problems have been detected in the workspace.
                        </div>
                      </div>
                    </div>
                  </div>
                </div>
              </div>
            </div>
          </div>
        </div>
      </div>
    </div>
  </div>
  <div
    style={
      Object {
        "display": undefined,
      }
    }
  >
    <div
      className="mo-statusBar"
      id="statusBar"
    >
      <div
        className="mo-statusBar__left-items"
      >
        <div
          className="mo-statusBar__item"
          id="statusbar.problems.title"
        >
          <a
            onClick={[Function]}
            tabIndex={-1}
            title="Problems"
          >
            <span
              className="codicon codicon-error"
            />
             0 
            <span
              className="codicon codicon-warning"
            />
             0 
            <span
              className="codicon codicon-info"
            />
             0
          </a>
        </div>
      </div>
      <div
        className="mo-statusBar__right-items"
      >
        <div
          className="mo-statusBar__item"
          id="MO_NOTIFICATION"
        >
          <a
            onClick={[Function]}
            tabIndex={-1}
            title="Notification"
          >
            <span
              className="codicon codicon-bell"
              onClick={[Function]}
            />
            <div
              className="mo-notification mo-context-view--shadow"
              style={
                Object {
                  "display": "none",
                }
              }
            >
              <header
                className="mo-notification__header"
              >
                <span>
                  No new notifications
                </span>
                <div
                  className="mo-action-bar"
                >
                  <ul
                    className="mo-action-bar__container"
                  >
                    <li
                      className="mo-action-bar__item"
                      data-index={0}
                      onClick={[Function]}
                    >
                      <span
                        className="codicon codicon-clear-all"
                        onMouseEnter={[Function]}
                        onMouseLeave={[Function]}
                      />
                    </li>
                    <li
                      className="mo-action-bar__item"
                      data-index={1}
                      onClick={[Function]}
                    >
                      <span
                        className="codicon codicon-chevron-down"
                        onMouseEnter={[Function]}
                        onMouseLeave={[Function]}
                      />
                    </li>
                  </ul>
                </div>
              </header>
              <div
                className="mo-notification__body"
              />
            </div>
          </a>
        </div>
        <div
          className="mo-statusBar__item"
          id="MoEditorInfo"
        >
          <a
            onClick={[Function]}
            tabIndex={-1}
            title="Go to Line/Column"
          >
            <span>
              Ln 0, Col 0
            </span>
          </a>
        </div>
      </div>
    </div>
  </div>
</DocumentFragment>
`;
