// Jest Snapshot v1, https://goo.gl/fbAQLP

exports[`Test Button Component the Button Snapshot 1`] = `
<a
  className="mo-btn mo-btn--normal"
/>
`;
