// Jest Snapshot v1, https://goo.gl/fbAQLP

exports[`Test the List Component Match the List snapshot 1`] = `
<ul
  className="mo-list testList mo-list--horizontal"
  data-testid="myList"
>
  <li
    className="mo-list__item mo-list__item--disabled"
    data-testid="myLi1"
    id="1"
    onClick={[Function]}
  >
    <span
      className="mo-list__label"
    >
      1
    </span>
  </li>
  <li
    className="mo-list__item mo-list__item--active"
    data-testid="myLi2"
    id="2"
    onClick={[Function]}
  >
    <span
      className="mo-list__label"
    >
      2
    </span>
  </li>
  <li
    className="mo-list__item"
    data-testid="myLi3"
    id="3"
    onClick={[Function]}
  >
    <span
      className="mo-list__label"
    >
      3
    </span>
  </li>
</ul>
`;
