// Jest Snapshot v1, https://goo.gl/fbAQLP

exports[`Test the Menu Component Match the List snapshot 1`] = `
<ul
  className="mo-menu mo-menu--vertical"
  onClick={[Function]}
  onContextMenu={[Function]}
  onMouseOut={[Function]}
  onMouseOver={[Function]}
  style={
    Object {
      "width": 200,
    }
  }
>
  <li
    className="mo-menu__item"
    data-mode="vertical"
    data-submenu={true}
    id="File"
  >
    <div
      className="mo-menu__content"
    >
      <span
        className="mo-menu__label"
      >
        File
      </span>
      <span
        className="mo-menu__indicator codicon codicon-chevron-right"
      />
    </div>
    <ul
      className="mo-menu mo-menu--vertical mo-sub-menu"
      id="File"
      style={
        Object {
          "opacity": "0",
          "pointerEvents": "none",
        }
      }
    >
      <li
        className="mo-menu__item"
        id="New File"
        onClick={[Function]}
      >
        <div
          className="mo-menu__content"
        >
          <span
            className="mo-menu__label"
            title="New File"
          >
            New File
          </span>
        </div>
      </li>
      <li
        className="mo-menu__item"
        id="OpenFile"
        onClick={[Function]}
      >
        <div
          className="mo-menu__content"
        >
          <span
            className="mo-menu__label"
            title="Open"
          >
            Open
          </span>
        </div>
      </li>
    </ul>
  </li>
  <li
    className="mo-menu__item"
    data-mode="vertical"
    data-submenu={true}
    id="Edit"
  >
    <div
      className="mo-menu__content"
    >
      <span
        className="mo-menu__label"
      >
        Edit
      </span>
      <span
        className="mo-menu__indicator codicon codicon-chevron-right"
      />
    </div>
    <ul
      className="mo-menu mo-menu--vertical mo-sub-menu"
      id="Edit"
      style={
        Object {
          "opacity": "0",
          "pointerEvents": "none",
        }
      }
    >
      <li
        className="mo-menu__item"
        id="Undo"
        onClick={[Function]}
      >
        <div
          className="mo-menu__content"
        >
          <span
            className="mo-menu__label"
            title="Undo"
          >
            Undo
          </span>
        </div>
      </li>
      <li
        className="mo-menu__item"
        id="Redo"
        onClick={[Function]}
      >
        <div
          className="mo-menu__content"
        >
          <span
            className="mo-menu__label"
            title="Redo"
          >
            Redo
          </span>
        </div>
      </li>
    </ul>
  </li>
  <li
    className="mo-menu__item"
    data-mode="vertical"
    data-submenu={true}
    id="Selection"
  >
    <div
      className="mo-menu__content"
    >
      <span
        className="mo-menu__label"
      >
        Selection
      </span>
      <span
        className="mo-menu__indicator codicon codicon-chevron-right"
      />
    </div>
    <ul
      className="mo-menu mo-menu--vertical mo-sub-menu"
      id="Selection"
      style={
        Object {
          "opacity": "0",
          "pointerEvents": "none",
        }
      }
    >
      <li
        className="mo-menu__item"
        id="SelectAll"
        onClick={[Function]}
      >
        <div
          className="mo-menu__content"
        >
          <span
            className="mo-menu__label"
            title="Select All"
          >
            Select All
          </span>
        </div>
      </li>
      <li
        className="mo-menu__item"
        id="CopyLineUp"
        onClick={[Function]}
      >
        <div
          className="mo-menu__content"
        >
          <span
            className="mo-menu__label"
            title="Copy Line Up"
          >
            Copy Line Up
          </span>
        </div>
      </li>
    </ul>
  </li>
  <li
    className="mo-menu__item"
    data-mode="vertical"
    data-submenu={true}
    id="View"
  >
    <div
      className="mo-menu__content"
    >
      <span
        className="mo-menu__label"
      >
        View
      </span>
      <span
        className="mo-menu__indicator codicon codicon-chevron-right"
      />
    </div>
    <ul
      className="mo-menu mo-menu--vertical mo-sub-menu"
      id="View"
      style={
        Object {
          "opacity": "0",
          "pointerEvents": "none",
        }
      }
    >
      <li
        className="mo-menu__item"
        id="Command Palette"
        onClick={[Function]}
      >
        <div
          className="mo-menu__content"
        >
          <span
            className="mo-menu__label"
            title="Command Palette"
          >
            Command Palette
          </span>
        </div>
      </li>
      <li
        className="mo-menu__item"
        id="OpenView"
        onClick={[Function]}
      >
        <div
          className="mo-menu__content"
        >
          <span
            className="mo-menu__label"
            title="Open View"
          >
            Open View
          </span>
        </div>
      </li>
      <li
        className="mo-menu__item"
        data-mode="vertical"
        data-submenu={true}
        id="Appearance"
      >
        <div
          className="mo-menu__content"
        >
          <span
            className="mo-menu__label"
          >
            Appearance
          </span>
          <span
            className="mo-menu__indicator codicon codicon-chevron-right"
          />
        </div>
        <ul
          className="mo-menu mo-menu--vertical mo-sub-menu"
          id="Appearance"
          style={
            Object {
              "opacity": "0",
              "pointerEvents": "none",
            }
          }
        >
          <li
            className="mo-menu__item"
            id="ShowMenuBar"
            onClick={[Function]}
          >
            <div
              className="mo-menu__content"
            >
              <span
                className="mo-menu__check codicon codicon-check"
              />
              <span
                className="mo-menu__label"
                title="Show Menu Bar"
              >
                Show Menu Bar
              </span>
            </div>
          </li>
          <li
            className="mo-menu__item"
            id="ShowSideBar"
            onClick={[Function]}
          >
            <div
              className="mo-menu__content"
            >
              <span
                className="mo-menu__check codicon codicon-check"
              />
              <span
                className="mo-menu__label"
                title="Show Side Bar"
              >
                Show Side Bar
              </span>
            </div>
          </li>
          <li
            className="mo-menu__item"
            id="ShowStatusBar"
            onClick={[Function]}
          >
            <div
              className="mo-menu__content"
            >
              <span
                className="mo-menu__check codicon codicon-check"
              />
              <span
                className="mo-menu__label"
                title="Show Status Bar"
              >
                Show Status Bar
              </span>
            </div>
          </li>
          <li
            className="mo-menu__item"
            id="ShowActivityBar"
            onClick={[Function]}
          >
            <div
              className="mo-menu__content"
            >
              <span
                className="mo-menu__check codicon codicon-check"
              />
              <span
                className="mo-menu__label"
                title="Show Activity Bar"
              >
                Show Activity Bar
              </span>
            </div>
          </li>
        </ul>
      </li>
    </ul>
  </li>
  <li
    className="mo-menu__item"
    data-mode="vertical"
    data-submenu={true}
    id="Run"
  >
    <div
      className="mo-menu__content"
    >
      <span
        className="mo-menu__label"
      >
        Run
      </span>
      <span
        className="mo-menu__indicator codicon codicon-chevron-right"
      />
    </div>
    <ul
      className="mo-menu mo-menu--vertical mo-sub-menu"
      id="Run"
      style={
        Object {
          "opacity": "0",
          "pointerEvents": "none",
        }
      }
    >
      <li
        className="mo-menu__item"
        id="RunTask"
        onClick={[Function]}
      >
        <div
          className="mo-menu__content"
        >
          <span
            className="mo-menu__label"
            title="Run Task"
          >
            Run Task
          </span>
        </div>
      </li>
    </ul>
  </li>
  <li
    className="mo-menu__item"
    data-mode="vertical"
    data-submenu={true}
    id="Help"
  >
    <div
      className="mo-menu__content"
    >
      <span
        className="mo-menu__label"
      >
        Help
      </span>
      <span
        className="mo-menu__indicator codicon codicon-chevron-right"
      />
    </div>
    <ul
      className="mo-menu mo-menu--vertical mo-sub-menu"
      id="Help"
      style={
        Object {
          "opacity": "0",
          "pointerEvents": "none",
        }
      }
    >
      <li
        className="mo-menu__item"
        id="About"
        onClick={[Function]}
      >
        <div
          className="mo-menu__content"
        >
          <span
            className="mo-menu__label"
            title="About"
          >
            About
          </span>
        </div>
      </li>
    </ul>
  </li>
</ul>
`;

exports[`Test the Menu Component Match the divider snapshot 1`] = `
<li
  className="mo-menu__item mo-menu__item--disabled"
  role="separator"
>
  <a
    className="mo-menu__divider"
  />
</li>
`;
