// Jest Snapshot v1, https://goo.gl/fbAQLP

exports[`The LocaleNotification Component Match Snapshot 1`] = `
<div
  style={
    Object {
      "lineHeight": "1.5",
    }
  }
>
  <div
    style={
      Object {
        "direction": "ltr",
        "textAlign": "left",
        "whiteSpace": "normal",
        "width": 440,
      }
    }
  >
    <p
      style={
        Object {
          "fontWeight": "bold",
        }
      }
    >
      A reload is required for the change in display language to take effect.
    </p>
    <p>
      Press the confirm button to reload and change the display language.
    </p>
  </div>
  <div
    style={
      Object {
        "marginBottom": 2,
      }
    }
  >
    <button
      className="mo-btn mo-btn--normal"
      onClick={[Function]}
      style={
        Object {
          "margin": "0 0 0 auto",
          "width": 150,
        }
      }
    >
      Confirm Reload
    </button>
  </div>
</div>
`;
