// Jest Snapshot v1, https://goo.gl/fbAQLP

exports[`Test ActionBar Component The ActionBar snapshot 1`] = `
<div
  className="mo-action-bar"
>
  <ul
    className="mo-action-bar__container"
  >
    <li
      className="mo-action-bar__item mo-action-bar__item--checked"
      data-index={0}
      data-testid="test-action-item-id"
      onClick={[Function]}
    >
      <span
        className="codicon codicon-add"
        onMouseEnter={[Function]}
        onMouseLeave={[Function]}
      />
    </li>
  </ul>
</div>
`;
