// Jest Snapshot v1, https://goo.gl/fbAQLP

exports[`The Display Component Match Snapshot 1`] = `
<div
  style={
    Object {
      "display": undefined,
    }
  }
/>
`;
