// Jest Snapshot v1, https://goo.gl/fbAQLP

exports[`The StatusBar Item Component Match Snapshot 1`] = `
<div
  className="mo-statusBar__item"
  id="test"
>
  <a
    onClick={[Function]}
    tabIndex={-1}
    title="test"
  >
    test
  </a>
</div>
`;
