// Jest Snapshot v1, https://goo.gl/fbAQLP

exports[`The Toolbar Component Match Snapshot 1`] = `
<div
  className="mo-tool-bar"
>
  <div
    className="mo-action-bar"
  >
    <ul
      className="mo-action-bar__container"
    >
      <li
        className="mo-action-bar__item"
        data-index={0}
        onClick={[Function]}
      />
      <li
        className="mo-action-bar__item"
        data-index={1}
        onClick={[Function]}
      />
    </ul>
  </div>
</div>
`;
