// Jest Snapshot v1, https://goo.gl/fbAQLP

exports[`Test Select Component Match the Select snapshot 1`] = `
<div
  className="mo-select"
  defaultValue="1"
  id="demo1"
  style={
    Object {
      "background": "#252526",
      "color": "rgba(255, 255, 255, 0.4)",
      "width": 200,
    }
  }
>
  <input
    autoComplete="off"
    className="mo-select__input"
    onClick={[Function]}
    readOnly={true}
    value="option - 1"
  />
  <span
    className="mo-select__arrow"
  >
    <span
      className="codicon codicon-chevron-down"
    />
  </span>
</div>
`;
